2026-08-10T07:46:04Z  watchdog setup
2026-08-10T08:02:06Z  watchdog: warn
2026-08-10T08:04:14Z  tick T034: Register Copernicus dataspace account (5
2026-08-10T08:22:03Z  watchdog: warn
2026-08-10T08:23:19Z  tick T035: Register HuggingFace write token — link 
2026-08-10T08:44:05Z  watchdog: warn
2026-08-10T08:51:21Z  tick T036: Register GitHub personal access token (r
2026-08-13T17:29:55Z  tick T040: Download IGN raster tiles for 17 deptos 
2026-08-13T17:39:18Z  watchdog: ok
2026-08-13T17:55:06Z  watchdog: warn
2026-08-13T17:55:16Z  tick T048: Update DATA_MANIFEST.md with actual down
2026-08-13T17:56:20Z  tick T041: Download Sentinel-2 L2A cloud-free mosai
2026-08-13T18:13:06Z  watchdog: warn
2026-08-13T18:13:09Z  tick T052: Build scripts/run_sam.py — SAM mask gene
2026-08-13T18:30:58Z  watchdog: warn
2026-08-13T18:31:03Z  tick T053: Build scripts/run_grounding_dino.py — Gr
2026-08-13T18:47:58Z  watchdog: warn
2026-08-13T19:02:44Z  tick T054: Build scripts/run_clip.py — CLIP zero-sh
2026-08-13T19:33:52Z  tick T055: Run auto-annotation on 10K building feat
2026-08-13T19:42:56Z  tick T056: Run auto-annotation on 10K road features
2026-08-13T19:48:00Z  tick T057: Run auto-annotation on 10K landuse featu
2026-08-13T19:51:38Z  watchdog: ok
2026-08-13T20:12:39Z  watchdog: warn
2026-08-13T20:13:49Z  tick T058: Run auto-annotation on 5K water features
2026-08-13T20:14:52Z  watchdog: ok
2026-08-13T20:20:24Z  tick T059: Run auto-annotation on 5K natural featur
2026-08-13T20:30:41Z  watchdog: ok
2026-08-13T20:46:40Z  watchdog: warn
2026-08-13T21:02:39Z  watchdog: warn
2026-08-13T21:19:40Z  watchdog: warn
2026-08-13T21:19:42Z  tick T060: Set up Label Studio (Docker) + import 50
2026-08-13T21:36:40Z  watchdog: warn
2026-08-13T21:36:44Z  tick T061: Human review pass on 5K low-confidence f
2026-08-13T21:52:40Z  watchdog: warn
2026-08-13T22:08:40Z  watchdog: warn
2026-08-13T22:26:40Z  watchdog: warn
2026-08-13T22:42:40Z  watchdog: warn
2026-08-13T22:59:41Z  watchdog: warn
2026-08-13T23:15:41Z  watchdog: warn
2026-08-13T23:31:42Z  watchdog: warn
2026-08-13T23:31:46Z  tick T062: Export reviewed annotations to data/proc
2026-08-13T23:47:42Z  watchdog: warn
2026-08-14T00:03:43Z  watchdog: warn
2026-08-14T00:19:42Z  watchdog: warn
2026-08-14T00:35:42Z  watchdog: warn
2026-08-14T00:35:46Z  tick T063: Build scripts/inter_annotator_agreement.
2026-08-14T00:51:42Z  watchdog: warn
2026-08-14T00:51:45Z  tick T067: Build scripts/train.py — generic QLoRA f
2026-08-14T01:07:43Z  watchdog: warn
2026-08-14T01:07:46Z  tick T068: Fine-tune SmolVLM-256M-Instruct with QLo
2026-08-14T01:23:42Z  watchdog: warn
2026-08-14T01:39:43Z  watchdog: warn
2026-08-14T01:55:43Z  watchdog: warn
2026-08-14T02:11:42Z  watchdog: warn
2026-08-14T02:27:45Z  watchdog: warn
2026-08-14T02:43:43Z  watchdog: warn
2026-08-14T02:59:43Z  watchdog: warn
2026-08-14T03:15:44Z  watchdog: warn
2026-08-14T03:15:48Z  tick T069: Fine-tune Florence-2-base with QLoRA (5 
2026-08-14T03:15:49Z  tick T070: Evaluate models on held-out test set (F1
2026-08-14T03:31:44Z  watchdog: warn
2026-08-14T03:31:50Z  tick T071: Compute Cohen's κ inter-annotator agreem
2026-08-14T03:47:43Z  watchdog: warn
2026-08-14T04:03:43Z  watchdog: warn
2026-08-14T04:19:46Z  watchdog: warn
2026-08-14T04:35:45Z  watchdog: warn
2026-08-14T04:51:46Z  watchdog: urgent-resume
2026-08-14T04:51:57Z  tick T072: Write model card (MODEL_CARD.md) for Hug
2026-08-14T05:07:46Z  watchdog: warn
2026-08-14T05:23:47Z  watchdog: warn
2026-08-14T05:39:46Z  watchdog: warn
2026-08-14T05:55:48Z  watchdog: warn
2026-08-14T06:00:44Z  tick T073: Upload fine-tuned model to HuggingFace H
2026-08-14T06:00:55Z  tick T074: Upload annotated dataset to HuggingFace 
2026-08-14T06:01:23Z  watchdog run completed
2026-08-14T06:17:48Z  watchdog: warn
2026-08-14T06:18:19Z  tick T075: Mint Zenodo DOI for dataset snapshot
2026-08-14T06:33:47Z  watchdog: warn
2026-08-14T06:49:47Z  watchdog: warn
2026-08-14T06:49:52Z  tick T079: Build scripts/build_rag_index.py — Chrom
2026-08-14T07:05:48Z  watchdog: warn
2026-08-14T07:05:50Z  tick T080: Build backend/ — FastAPI serving model +
2026-08-14T07:21:47Z  watchdog: warn
2026-08-14T07:37:47Z  watchdog: warn
2026-08-14T07:37:52Z  tick T081: Test agent on 10 sample questions from B
2026-08-14T07:54:47Z  watchdog: warn
2026-08-14T08:10:48Z  watchdog: warn
2026-08-14T08:11:31Z  tick T082: Run full 100-question benchmark (record 
2026-08-14T08:27:49Z  watchdog: warn
2026-08-14T08:28:12Z  tick T083: Have 2 external reviewers score all 100 
2026-08-14T08:43:48Z  watchdog: warn
2026-08-14T08:44:22Z  tick T084: Implement web app frontend (Next.js 16 +
2026-08-14T08:59:48Z  watchdog: warn
2026-08-14T09:15:50Z  watchdog: warn
2026-08-14T09:15:52Z  tick T085: Deploy web app to local_only / HF Spaces
2026-08-14T09:31:49Z  watchdog: warn
2026-08-14T09:47:49Z  watchdog: warn
2026-08-14T10:03:49Z  watchdog: urgent-resume
2026-08-14T10:03:52Z  tick T089: Draft paper Section 2 (Related Work) — 3
2026-08-14T10:19:49Z  watchdog: warn
2026-08-14T10:35:50Z  watchdog: warn
2026-08-14T10:51:51Z  watchdog: urgent-resume
2026-08-14T10:51:54Z  tick T090: Draft paper Section 3 (Method) — pipelin
2026-08-14T21:26:49Z  watchdog: resume
2026-08-14T21:26:51Z  tick T091: Draft paper Section 4 (Experiments) — al
2026-08-14T22:34:56Z  watchdog: warn
2026-08-14T22:34:59Z  tick T092: Draft paper Section 5 (Discussion) — lim
2026-08-14T23:06:54Z  watchdog: warn
2026-08-14T23:06:57Z  tick T093: Draft paper Section 1 (Introduction) — c
2026-08-14T23:07:03Z  watchdog: ok
2026-08-14T23:22:54Z  watchdog: warn
2026-08-14T23:38:55Z  watchdog: warn
2026-08-15T00:03:01Z  watchdog: warn
2026-08-15T00:08:45Z  tick T094: Draft paper Abstract (250 words) — probl
2026-08-15T00:20:34Z  watchdog: ok
2026-08-15T00:34:01Z  tick T095: Draft paper Section 6 (Conclusion) — rec
2026-08-15T00:36:13Z  watchdog: ok
2026-08-15T00:52:53Z  watchdog: warn
2026-08-15T00:53:14Z  watchdog: ok
2026-08-15T01:09:03Z  watchdog: warn
2026-08-15T01:10:46Z  watchdog: ok
2026-08-15T01:25:59Z  watchdog: warn
2026-08-15T01:43:02Z  watchdog: warn
2026-08-15T01:43:52Z  ebus watchdog: exiting after warn
2026-08-15T02:01:14Z  watchdog: warn
2026-08-15T02:03:37Z  watchdog: ok
2026-08-15T02:19:58Z  watchdog: warn
2026-08-15T02:52:39Z  watchdog: warn
2026-08-15T02:53:52Z  manual heartbeat
2026-08-15T03:09:23Z  watchdog: warn
2026-08-15T03:25:59Z  watchdog: warn
2026-08-15T03:58:08Z  watchdog: warn
2026-08-16T00:08:21Z  watchdog: resume
2026-08-16T00:08:30Z  tick T096: Generate all figures (pipeline diagram, 
2026-08-16T00:24:33Z  watchdog: warn
2026-08-16T00:24:49Z  tick T097: Generate all tables (dataset summary, mo
2026-08-16T00:24:52Z  watchdog: ok
2026-08-16T00:40:41Z  watchdog: warn
2026-08-16T00:41:32Z  watchdog: ok
2026-08-16T00:57:32Z  watchdog: warn
2026-08-16T01:14:33Z  watchdog: warn
2026-08-16T01:16:52Z  watchdog: warn check completed
2026-08-16T01:49:43Z  watchdog: warn
2026-08-16T02:05:37Z  watchdog: warn
2026-08-16T02:23:11Z  watchdog: warn
2026-08-16T02:40:38Z  watchdog: warn
2026-08-16T03:00:57Z  watchdog: warn
2026-08-16T03:01:45Z  watchdog: ok
2026-08-16T03:02:04Z  watchdog: ok
2026-08-16T03:02:21Z  watchdog: ok
2026-08-16T04:25:36Z  watchdog: warn
2026-08-16T04:43:56Z  watchdog: warn
2026-08-16T05:05:00Z  watchdog: warn
2026-08-16T05:26:07Z  watchdog: warn
2026-08-16T05:53:06Z  watchdog: warn
2026-08-17T00:23:23Z  watchdog: resume
2026-08-17T00:23:36Z  tick T098: Compile final 8-page paper (ICA format)
2026-08-17T00:23:51Z  watchdog: ok
2026-08-17T00:40:08Z  watchdog: warn
2026-08-17T00:58:22Z  watchdog: warn
2026-08-17T01:32:58Z  watchdog: warn
2026-08-17T01:34:21Z  watchdog: ok
2026-08-17T01:34:35Z  watchdog: ok
2026-08-17T01:35:06Z  watchdog: ok
2026-08-17T01:35:40Z  watchdog: ok
2026-08-17T01:36:00Z  watchdog: ok
2026-08-17T01:36:21Z  watchdog: ok
2026-08-17T01:37:09Z  watchdog: ok
2026-08-17T01:37:25Z  watchdog: ok
2026-08-17T01:37:59Z  watchdog: ok
2026-08-17T01:38:08Z  watchdog: ok
2026-08-17T01:54:14Z  watchdog: warn
2026-08-17T02:11:59Z  watchdog: warn
2026-08-17T02:13:06Z  watchdog: ok
2026-08-17T02:28:43Z  watchdog: warn
2026-08-17T02:47:03Z  watchdog: warn
2026-08-17T03:02:43Z  watchdog: warn
2026-08-17T03:03:14Z  watchdog: done
2026-08-17T05:59:05Z  watchdog: warn
2026-08-17T06:19:08Z  watchdog: warn
2026-08-18T01:10:57Z  watchdog: resume
2026-08-18T02:47:01Z  watchdog: warn
2026-08-20T01:18:09Z  watchdog: urgent-resume
2026-08-20T01:34:32Z  watchdog: warn
2026-08-20T04:05:27Z  watchdog: warn
2026-08-20T05:21:51Z  watchdog: warn
2026-08-21T23:53:42Z  watchdog: urgent-resume
2026-08-22T00:10:43Z  watchdog: warn
2026-08-22T00:11:02Z  tick T107: Write Cap. 2 (Marco Teórico) — ~40 pages
2026-08-22T00:29:49Z  watchdog: warn
2026-08-22T00:45:45Z  watchdog: warn
2026-08-22T01:01:47Z  watchdog: warn
2026-08-22T01:17:48Z  watchdog: warn
2026-08-22T01:33:53Z  watchdog: warn
2026-08-22T01:49:52Z  watchdog: warn
2026-08-22T02:05:52Z  watchdog: warn
2026-08-22T02:21:54Z  watchdog: warn
2026-08-22T02:37:55Z  watchdog: warn
2026-08-22T02:53:58Z  watchdog: warn
2026-08-22T03:11:01Z  watchdog: warn
2026-08-22T03:11:03+00:00 watchdog-check
2026-08-22T03:28:03Z  watchdog: warn
2026-08-22T03:43:14Z  watchdog: warn
2026-08-22T04:00:23Z  watchdog: warn
2026-08-22T04:16:25Z  watchdog: warn
2026-08-22T04:33:27Z  watchdog: warn
2026-08-22T04:49:28Z  watchdog: warn
2026-08-22T05:05:27Z  watchdog: warn
2026-08-22T05:21:32Z  watchdog: warn
2026-08-22T05:37:32Z  watchdog: warn
2026-08-22T05:53:38Z  watchdog: warn
2026-08-22T06:09:36Z  watchdog: warn
2026-08-22T06:25:39Z  watchdog: warn
2026-08-22T06:41:40Z  watchdog: warn
2026-08-22T06:57:48Z  watchdog: warn
2026-08-22T07:13:47Z  watchdog: warn
2026-08-22T07:29:48Z  watchdog: warn
2026-08-22T07:45:53Z  watchdog: warn
2026-08-22T08:01:57Z  watchdog: warn
2026-08-22T08:17:55Z  watchdog: warn
2026-08-22T08:33:57Z  watchdog: warn
2026-08-22T08:49:58Z  watchdog: warn
2026-08-22T09:07:05Z  watchdog: warn
2026-08-22T09:23:04Z  watchdog: warn
2026-08-22T09:39:48Z  watchdog: warn
2026-08-22T09:55:44Z  watchdog: warn
2026-08-22T10:11:47Z  watchdog: warn
2026-08-22T10:27:44Z  watchdog: warn
2026-08-22T10:44:51Z  watchdog: warn
2026-08-22T11:00:50Z  watchdog: warn
2026-08-22T11:16:55Z  watchdog: warn
2026-08-22T11:32:57Z  watchdog: warn
2026-08-22T11:50:03Z  watchdog: warn
2026-08-22T12:06:02Z  watchdog: warn
2026-08-22T12:22:02Z  watchdog: warn
2026-08-22T12:38:05Z  watchdog: warn
2026-08-22T12:54:10Z  watchdog: warn
2026-08-22T13:10:12Z  watchdog: warn
2026-08-22T13:26:14Z  watchdog: warn
2026-08-22T13:42:24Z  watchdog: warn
2026-08-22T13:58:18Z  watchdog: warn
2026-08-22T13:58:21+00:00 watchdog-15min OK
2026-08-22T14:14:22Z  watchdog: warn
2026-08-22T14:30:23Z  watchdog: warn
2026-08-22T14:46:25Z  watchdog: warn
2026-08-22T15:02:25Z  watchdog: warn
2026-08-22T15:19:31Z  watchdog: warn
2026-08-22T15:35:31Z  watchdog: warn
2026-08-22T15:51:31Z  watchdog: warn
2026-08-22T16:07:32Z  watchdog: warn
2026-08-22T16:23:40Z  watchdog: warn
2026-08-22T16:39:37Z  watchdog: warn
2026-08-22T16:55:40Z  watchdog: warn
2026-08-22T17:11:43Z  watchdog: warn
2026-08-22T17:27:24Z  watchdog: warn
2026-08-22T17:43:22Z  watchdog: warn
2026-08-22T17:59:26Z  watchdog: warn
2026-08-22T18:15:28Z  watchdog: warn
2026-08-22T18:31:35Z  watchdog: warn
2026-08-22T18:47:32Z  watchdog: warn
2026-08-22T19:03:37Z  watchdog: warn
2026-08-22T19:19:39Z  watchdog: warn
2026-08-22T19:36:44Z  watchdog: warn
2026-08-22T19:52:42Z  watchdog: warn
2026-08-22T20:08:44Z  watchdog: warn
2026-08-22T20:24:46Z  watchdog: warn
Sat Aug 22 20:24:48 UTC 2026
watchdog run Sat Aug 22 20:24:48 UTC 2026
2026-08-22T20:40:53Z  watchdog: warn
2026-08-22T20:56:50Z  watchdog: warn
2026-08-22T21:12:53Z  watchdog: warn
2026-08-22T21:28:56Z  watchdog: warn
2026-08-22T21:45:04Z  watchdog: warn
2026-08-22T22:01:10Z  watchdog: warn
2026-08-22T22:17:06Z  watchdog: warn
2026-08-22T22:33:09Z  watchdog: warn
2026-08-22T22:50:15Z  watchdog: warn
2026-08-22T23:06:15Z  watchdog: warn
2026-08-22T23:22:16Z  watchdog: warn
2026-08-22T23:38:18Z  watchdog: warn
2026-08-22T23:55:25Z  watchdog: warn
2026-08-23T00:11:22Z  watchdog: warn
2026-08-23T00:27:26Z  watchdog: warn
2026-08-23T00:43:27Z  watchdog: warn
2026-08-23T01:00:37Z  watchdog: warn
2026-08-23T01:16:33Z  watchdog: warn
2026-08-23T01:32:38Z  watchdog: warn
2026-08-23T01:48:37Z  watchdog: warn
2026-08-23T02:05:46Z  watchdog: warn
2026-08-23T02:21:44Z  watchdog: warn
2026-08-23T02:37:53Z  watchdog: warn
2026-08-23T02:53:51Z  watchdog: warn
2026-08-23T03:10:56Z  watchdog: warn
2026-08-23T03:26:53Z  watchdog: warn
2026-08-23T03:42:55Z  watchdog: warn
2026-08-23T03:59:00Z  watchdog: warn
2026-08-23T04:15:03Z  watchdog: warn
2026-08-23T04:30:59Z  watchdog: warn
2026-08-23T04:47:00Z  watchdog: warn
2026-08-23T05:03:02Z  watchdog: warn
2026-08-23T05:20:07Z  watchdog: warn
2026-08-23T05:36:05Z  watchdog: warn
2026-08-23T05:36:11+00:00 watchdog-ran
2026-08-23T05:52:07Z  watchdog: warn
2026-08-23T06:08:08Z  watchdog: warn
2026-08-23T06:25:13Z  watchdog: warn
2026-08-23T06:41:17Z  watchdog: warn
2026-08-23T06:57:13Z  watchdog: warn
2026-08-23T07:13:14Z  watchdog: warn
2026-08-23T07:30:20Z  watchdog: warn
2026-08-23T07:46:22Z  watchdog: warn
2026-08-23T08:02:23Z  watchdog: warn
2026-08-23T08:18:29Z  watchdog: warn
2026-08-23T08:18:31+00:00 watchdog-touched
2026-08-23T08:35:29Z  watchdog: warn
2026-08-23T08:51:26Z  watchdog: warn
2026-08-23T08:51:31+00:00 watchdog-ok
2026-08-23T09:07:29Z  watchdog: warn
2026-08-23T09:23:31Z  watchdog: warn
2026-08-23T09:40:35Z  watchdog: warn
2026-08-23T09:56:33Z  watchdog: warn
2026-08-23T10:12:34Z  watchdog: warn
2026-08-23T10:28:35Z  watchdog: warn
2026-08-23T10:44:42Z  watchdog: warn
2026-08-23T11:00:40Z  watchdog: urgent-resume
2026-08-23T11:00:53Z  tick T109: Write Cap. 4 (Resultados) — ~40 pages, e
2026-08-23T11:17:41Z  watchdog: urgent-resume
2026-08-23T11:33:42Z  watchdog: urgent-resume
2026-08-23T11:49:47Z  watchdog: urgent-resume
2026-08-23T12:08:46Z  watchdog: urgent-resume
2026-08-23T12:26:52Z  watchdog: urgent-resume
2026-08-23T12:44:47Z  watchdog: warn
2026-08-23T13:00:50Z  watchdog: warn
2026-08-23T13:17:56Z  watchdog: warn
2026-08-23T13:33:56Z  watchdog: warn
2026-08-23T13:49:59Z  watchdog: warn
2026-08-23T14:06:04Z  watchdog: warn
2026-08-23T14:23:13Z  watchdog: warn
2026-08-23T14:39:20Z  watchdog: warn
2026-08-23T14:55:17Z  watchdog: warn
2026-08-23T15:11:20Z  watchdog: warn
2026-08-23T15:27:29Z  watchdog: warn
2026-08-23T15:27:44+00:00 watchdog OK 342
2026-08-23T15:43:27Z  watchdog: warn
2026-08-23T15:43:29Z
2026-08-23T15:59:32Z  watchdog: warn
2026-08-23T16:15:36Z  watchdog: warn
2026-08-23T16:31:44Z  watchdog: warn
2026-08-23T16:47:45Z  watchdog: warn
2026-08-23T17:03:52Z  watchdog: warn
2026-08-23T17:19:53Z  watchdog: warn
2026-08-23T17:37:01Z  watchdog: warn
2026-08-23T17:53:01Z  watchdog: warn
2026-08-23T18:09:04Z  watchdog: warn
2026-08-23T18:25:09Z  watchdog: warn
2026-08-23T18:41:18Z  watchdog: warn
2026-08-23T18:41:20+00:00 watchdog ok
2026-08-23T18:57:22Z  watchdog: warn
2026-08-23T19:13:24Z  watchdog: warn
2026-08-23T19:29:27Z  watchdog: warn
2026-08-23T19:45:35Z  watchdog: warn
2026-08-23T20:01:37Z  watchdog: warn
2026-08-23T20:17:43Z  watchdog: warn
2026-08-23T20:33:47Z  watchdog: warn
2026-08-23T20:50:59Z  watchdog: warn
2026-08-23T21:06:55Z  watchdog: warn
2026-08-23T21:22:59Z  watchdog: warn
2026-08-23T21:39:03Z  watchdog: warn
2026-08-23T21:55:12Z  watchdog: warn
2026-08-23T22:11:11Z  watchdog: warn
2026-08-23T22:27:16Z  watchdog: warn
2026-08-23T22:43:15Z  watchdog: warn
watchdog run: 2026-08-23T22:43:18Z
2026-08-23T23:00:23Z  watchdog: warn
2026-08-23T23:16:19Z  watchdog: warn
2026-08-23T23:32:26Z  watchdog: warn
2026-08-23T23:48:27Z  watchdog: warn
2026-08-24T00:05:28Z  watchdog: warn
2026-08-24T00:21:25Z  watchdog: warn
2026-08-24T00:37:30Z  watchdog: warn
2026-08-24T00:37:36+00:00 heartbeat touched
2026-08-24T00:53:30Z  watchdog: warn
2026-08-24T01:10:37Z  watchdog: warn
2026-08-24T01:26:33Z  watchdog: warn
2026-08-24T01:42:38Z  watchdog: warn
2026-08-24T01:58:36Z  watchdog: warn
2026-08-24T02:14:42Z  watchdog: warn
2026-08-24T02:30:40Z  watchdog: warn
2026-08-24T02:46:40Z  watchdog: warn
2026-08-24T03:02:42Z  watchdog: warn
2026-08-24T03:19:53Z  watchdog: warn
2026-08-24T03:35:51Z  watchdog: warn
2026-08-24T03:51:55Z  watchdog: warn
2026-08-24T04:07:58Z  watchdog: warn
2026-08-24T04:24:09Z  watchdog: warn
2026-08-24T04:40:09Z  watchdog: warn
2026-08-24T04:56:17Z  watchdog: warn
2026-08-24T05:13:24Z  watchdog: warn
2026-08-24T05:29:25Z  watchdog: warn
2026-08-24T05:45:50Z  watchdog: warn
2026-08-24T06:02:22Z  watchdog: urgent-resume
2026-08-24T06:21:54Z  watchdog: urgent-resume
2026-08-24T06:22:48Z  watchdog-resume T114 done — built defense rehearsal tool
